******************************************************************************
                  TI ARM Linker PC v20.2.5                     
******************************************************************************
>> Linked Mon Apr  4 10:13:55 2022

OUTPUT FILE NAME:   <Progra_2.out>
ENTRY POINT SYMBOL: "_c_int00"  address: 00000088


MEMORY CONFIGURATION

         name            origin    length      used     unused   attr    fill
----------------------  --------  ---------  --------  --------  ----  --------
  RAM                   00000020   ffffffe0  00000900  fffff6e0  RWIX


SEGMENT ALLOCATION MAP

run origin  load origin   length   init length attrs members
----------  ----------- ---------- ----------- ----- -------
00000020    00000020    00000100   00000100    r-x
  00000020    00000020    00000100   00000100    r-x .text
00000120    00000120    00000800   00000000    rw-
  00000120    00000120    00000800   00000000    rw- .stack


SECTION ALLOCATION MAP

 output                                  attributes/
section   page    origin      length       input sections
--------  ----  ----------  ----------   ----------------
.text      0    00000020    00000100     
                  00000020    00000068     rtsv4_A_be_eabi.lib : autoinit.c.obj (.text:__TI_auto_init_nobinit_nopinit:__TI_auto_init_nobinit_nopinit)
                  00000088    0000003c                         : boot_non_cortex_m.asm.obj (.text)
                  000000c4    00000028     main.obj (.text)
                  000000ec    00000020     rtsv4_A_be_eabi.lib : args_main.c.obj (.text:_args_main)
                  0000010c    00000008                         : pre_init.c.obj (.text:_system_pre_init)
                  00000114    00000008                         : exit.c.obj (.text:abort:abort)
                  0000011c    00000004                         : mpu_init.c.obj (.text:__mpu_init)

.init_array 
*          0    00000020    00000000     UNINITIALIZED

__llvm_prf_cnts 
*          0    00000020    00000000     UNINITIALIZED

.stack     0    00000120    00000800     UNINITIALIZED
                  00000120    00000800     --HOLE--

MODULE SUMMARY

       Module                      code   ro data   rw data
       ------                      ----   -------   -------
    .\
       main.obj                    40     0         0      
    +--+---------------------------+------+---------+---------+
       Total:                      40     0         0      
                                                           
    C:\ti\ccs1110\ccs\tools\compiler\ti-cgt-arm_20.2.5.LTS\lib\rtsv4_A_be_eabi.lib
       autoinit.c.obj              104    0         0      
       boot_non_cortex_m.asm.obj   60     0         0      
       args_main.c.obj             32     0         0      
       exit.c.obj                  8      0         0      
       pre_init.c.obj              8      0         0      
       mpu_init.c.obj              4      0         0      
    +--+---------------------------+------+---------+---------+
       Total:                      216    0         0      
                                                           
       Stack:                      0      0         2048   
    +--+---------------------------+------+---------+---------+
       Grand Total:                256    0         2048   


GLOBAL SYMBOLS: SORTED ALPHABETICALLY BY Name 

address   name                          
-------   ----                          
00000114  C$$EXIT                       
00000920  __STACK_END                   
00000800  __STACK_SIZE                  
UNDEFED   __TI_CINIT_Base               
UNDEFED   __TI_CINIT_Limit              
UNDEFED   __TI_Handler_Table_Base       
UNDEFED   __TI_Handler_Table_Limit      
00000020  __TI_auto_init_nobinit_nopinit
ffffffff  __TI_pprof_out_hndl           
ffffffff  __TI_prof_data_size           
ffffffff  __TI_prof_data_start          
00000020  __TI_static_base__            
ffffffff  __binit__                     
ffffffff  __c_args__                    
0000011c  __mpu_init                    
00000120  __stack                       
00000020  __start___llvm_prf_cnts       
00000020  __stop___llvm_prf_cnts        
000000ec  _args_main                    
00000088  _c_int00                      
UNDEFED   _system_post_cinit            
0000010c  _system_pre_init              
00000114  abort                         
ffffffff  binit                         
000000c4  main                          


GLOBAL SYMBOLS: SORTED BY Symbol Address 

address   name                          
-------   ----                          
00000020  __TI_auto_init_nobinit_nopinit
00000020  __TI_static_base__            
00000020  __start___llvm_prf_cnts       
00000020  __stop___llvm_prf_cnts        
00000088  _c_int00                      
000000c4  main                          
000000ec  _args_main                    
0000010c  _system_pre_init              
00000114  C$$EXIT                       
00000114  abort                         
0000011c  __mpu_init                    
00000120  __stack                       
00000800  __STACK_SIZE                  
00000920  __STACK_END                   
ffffffff  __TI_pprof_out_hndl           
ffffffff  __TI_prof_data_size           
ffffffff  __TI_prof_data_start          
ffffffff  __binit__                     
ffffffff  __c_args__                    
ffffffff  binit                         
UNDEFED   __TI_CINIT_Base               
UNDEFED   __TI_CINIT_Limit              
UNDEFED   __TI_Handler_Table_Base       
UNDEFED   __TI_Handler_Table_Limit      
UNDEFED   _system_post_cinit            

[25 symbols]
